---
source: tui/src/model_migration.rs
expression: terminal.backend()
---

> Forestx just got an upgrade. Introducing gpt-5.1-forestx-max.

  We recommend switching from gpt-5-forestx to
  gpt-5.1-forestx-max.

  Forestx-optimized flagship for deep and fast reasoning.
  Learn more about gpt-5.1-forestx-max at
  https://www.forestx.com/models/gpt-5.1-forestx-max

  Press enter to continue
