---
source: tui/src/model_migration.rs
expression: terminal.backend()
---

> Forestx just got an upgrade. Introducing gpt-5.1-forestx-mini.

  We recommend switching from gpt-5-forestx-mini to
  gpt-5.1-forestx-mini.

  Optimized for forestx. Cheaper, faster, but less capable.
  Learn more about gpt-5.1-forestx-mini at
  https://www.forestx.com/models/gpt-5.1-forestx-mini

  Press enter to continue
